// Jest Snapshot v1, https://goo.gl/fbAQLP

exports[`should render TextInput correctly 1`] = `
<div>
  <input
    mock="[object Object]"
    name="mockname"
  />
</div>
`;
